%!Adobe-FontList 1.19
%Locale:0x409

%BeginFont
Handler:DirectoryHandler
FontType:Type1
FontName:Chapbook-Italic
FamilyName:Chapbook
StyleName:Italic
FullName:Chapbook Italic
MenuName:Chapbook
StyleBits:1
WritingScript:Roman
OutlineFileName:C:\Users\annet\Desktop\Brecheisen_PrintLayout Folder\Document fonts\Chapbook-Italic.otf
DataFormat:sfntData
UsesStandardEncoding:yes
isCFF:yes
hasSVG:no
VariableFontType:NonVariableFont
FileLength:182796
FileModTime:1524790242
WeightClass:400
WidthClass:5
AngleClass:1
NameArray:0,Mac,4,Chapbook Italic
NameArray:0,Win,1,Chapbook
%EndFont

%BeginFont
Handler:DirectoryHandler
FontType:Type1
FontName:Chapbook-Regular
FamilyName:Chapbook
StyleName:Regular
FullName:Chapbook
MenuName:Chapbook
StyleBits:0
WritingScript:Roman
OutlineFileName:C:\Users\annet\Desktop\Brecheisen_PrintLayout Folder\Document fonts\Chapbook-Regular.otf
DataFormat:sfntData
UsesStandardEncoding:yes
isCFF:yes
hasSVG:no
VariableFontType:NonVariableFont
FileLength:172628
FileModTime:1524790242
WeightClass:400
WidthClass:5
AngleClass:0
NameArray:0,Mac,4,Chapbook
NameArray:0,Win,1,Chapbook
%EndFont

%BeginFont
Handler:DirectoryHandler
FontType:TrueType
FontName:ChrissHandwriting
FamilyName:Chris's Handwriting
StyleName:Regular
FullName:Chris's Handwriting
MenuName:Chris's Handwriting
StyleBits:0
WritingScript:Roman
OutlineFileName:C:\Users\annet\Desktop\Brecheisen_PrintLayout Folder\Document fonts\Chris's Handwriting.ttf
DataFormat:sfntData
hasSVG:no
VariableFontType:NonVariableFont
FileLength:30032
FileModTime:1523275712
WeightClass:400
WidthClass:5
AngleClass:0
NameArray:0,Mac,4,Chris's Handwriting
NameArray:0,Win,1,Chris's Handwriting
%EndFont

%BeginFont
Handler:DirectoryHandler
FontType:Type1
FontName:JMHLegajo-Bold
FamilyName:JMH Legajo
StyleName:Bold
FullName:JMH Legajo Bold
MenuName:JMH Legajo
StyleBits:2
WritingScript:Roman
OutlineFileName:C:\Users\annet\Desktop\Brecheisen_PrintLayout Folder\Document fonts\JMH Legajo Bold.otf
DataFormat:sfntData
UsesStandardEncoding:yes
isCFF:yes
hasSVG:no
VariableFontType:NonVariableFont
FileLength:49788
FileModTime:1524790293
WeightClass:700
WidthClass:5
AngleClass:0
NameArray:0,Mac,18,JMH Legajo Bold
NameArray:0,Mac,4,JMH Legajo Bold
NameArray:0,Win,1,JMH Legajo
NameArray:0,Win,16,JMH Legajo
%EndFont

%BeginFont
Handler:DirectoryHandler
FontType:Type1
FontName:JMHLegajo-Regular
FamilyName:JMH Legajo
StyleName:Regular
FullName:JMH Legajo Regular
MenuName:JMH Legajo
StyleBits:0
WritingScript:Roman
OutlineFileName:C:\Users\annet\Desktop\Brecheisen_PrintLayout Folder\Document fonts\JMH Legajo.otf
DataFormat:sfntData
UsesStandardEncoding:yes
isCFF:yes
hasSVG:no
VariableFontType:NonVariableFont
FileLength:47936
FileModTime:1524790293
WeightClass:400
WidthClass:5
AngleClass:0
NameArray:0,Mac,18,JMH Legajo Regular
NameArray:0,Mac,4,JMH Legajo Regular
NameArray:0,Win,1,JMH Legajo
NameArray:0,Win,16,JMH Legajo
%EndFont

%BeginFont
Handler:DirectoryHandler
FontType:Type1
FontName:MinionPro-Regular
FamilyName:Minion Pro
StyleName:Regular
FullName:Minion Pro
MenuName:Minion Pro
StyleBits:0
WritingScript:Roman
OutlineFileName:C:\Users\annet\Desktop\Brecheisen_PrintLayout Folder\Document fonts\MinionPro-Regular.otf
DataFormat:sfntData
UsesStandardEncoding:yes
isCFF:yes
hasSVG:no
VariableFontType:NonVariableFont
FileLength:218640
FileModTime:1519753926
WeightClass:400
WidthClass:5
AngleClass:0
DesignSize:110
NameArray:0,Mac,4,Minion Pro
NameArray:0,Win,1,Minion Pro
%EndFont

